16:49:53 **** Clean-only build of configuration Debug for project MovieCpa334 ****
make clean 
rm -rf *
 
16:49:59 **** Clean-only build of configuration Debug for project MovieCpa334 ****
make clean 
make: *** No rule to make target `clean'.  Stop.
16:50:00 **** Build of configuration Debug for project MovieCpa334 ****
make all 
Building file: /home/chris/workspaces/Nucleo334/MOvieCap334/MovieCpa334_new/Drivers/STM32F3xx_HAL_Driver/Src/stm32f3xx_hal.c
Invoking: MCU GCC Compiler
/home/chris/workspaces/Nucleo334/MOvieCap334/MovieCpa334_new/SW4STM32/MovieCpa334/Debug
arm-none-eabi-gcc -mcpu=cortex-m4 -mthumb -mfloat-abi=hard -mfpu=fpv4-sp-d16 -D__weak="__attribute__((weak))" -D__packed="__attribute__((__packed__))" -DUSE_HAL_DRIVER -DSTM32F334x8 -I"/home/chris/workspaces/Nucleo334/MOvieCap334/MovieCpa334_new/Inc" -I"/home/chris/workspaces/Nucleo334/MOvieCap334/MovieCpa334_new/Drivers/STM32F3xx_HAL_Driver/Inc" -I"/home/chris/workspaces/Nucleo334/MOvieCap334/MovieCpa334_new/Drivers/STM32F3xx_HAL_Driver/Inc/Legacy" -I"/home/chris/workspaces/Nucleo334/MOvieCap334/MovieCpa334_new/Drivers/CMSIS/Include" -I"/home/chris/workspaces/Nucleo334/MOvieCap334/MovieCpa334_new/Drivers/CMSIS/Device/ST/STM32F3xx/Include" -I"/home/chris/workspaces/Nucleo334/MOvieCap334/MovieCpa334_new/Inc"  -Og -g3 -Wall -fmessage-length=0 -ffunction-sections -c -fmessage-length=0 -MMD -MP -MF"Drivers/STM32F3xx_HAL_Driver/stm32f3xx_hal.d" -MT"Drivers/STM32F3xx_HAL_Driver/stm32f3xx_hal.o" -o "Drivers/STM32F3xx_HAL_Driver/stm32f3xx_hal.o" "/home/chris/workspaces/Nucleo334/MOvieCap334/MovieCpa334_new/Drivers/STM32F3xx_HAL_Driver/Src/stm32f3xx_hal.c"
Finished building: /home/chris/workspaces/Nucleo334/MOvieCap334/MovieCpa334_new/Drivers/STM32F3xx_HAL_Driver/Src/stm32f3xx_hal.c
 
Building file: /home/chris/workspaces/Nucleo334/MOvieCap334/MovieCpa334_new/Drivers/STM32F3xx_HAL_Driver/Src/stm32f3xx_hal_adc.c
Invoking: MCU GCC Compiler
/home/chris/workspaces/Nucleo334/MOvieCap334/MovieCpa334_new/SW4STM32/MovieCpa334/Debug
arm-none-eabi-gcc -mcpu=cortex-m4 -mthumb -mfloat-abi=hard -mfpu=fpv4-sp-d16 -D__weak="__attribute__((weak))" -D__packed="__attribute__((__packed__))" -DUSE_HAL_DRIVER -DSTM32F334x8 -I"/home/chris/workspaces/Nucleo334/MOvieCap334/MovieCpa334_new/Inc" -I"/home/chris/workspaces/Nucleo334/MOvieCap334/MovieCpa334_new/Drivers/STM32F3xx_HAL_Driver/Inc" -I"/home/chris/workspaces/Nucleo334/MOvieCap334/MovieCpa334_new/Drivers/STM32F3xx_HAL_Driver/Inc/Legacy" -I"/home/chris/workspaces/Nucleo334/MOvieCap334/MovieCpa334_new/Drivers/CMSIS/Include" -I"/home/chris/workspaces/Nucleo334/MOvieCap334/MovieCpa334_new/Drivers/CMSIS/Device/ST/STM32F3xx/Include" -I"/home/chris/workspaces/Nucleo334/MOvieCap334/MovieCpa334_new/Inc"  -Og -g3 -Wall -fmessage-length=0 -ffunction-sections -c -fmessage-length=0 -MMD -MP -MF"Drivers/STM32F3xx_HAL_Driver/stm32f3xx_hal_adc.d" -MT"Drivers/STM32F3xx_HAL_Driver/stm32f3xx_hal_adc.o" -o "Drivers/STM32F3xx_HAL_Driver/stm32f3xx_hal_adc.o" "/home/chris/workspaces/Nucleo334/MOvieCap334/MovieCpa334_new/Drivers/STM32F3xx_HAL_Driver/Src/stm32f3xx_hal_adc.c"
Finished building: /home/chris/workspaces/Nucleo334/MOvieCap334/MovieCpa334_new/Drivers/STM32F3xx_HAL_Driver/Src/stm32f3xx_hal_adc.c
 
Building file: /home/chris/workspaces/Nucleo334/MOvieCap334/MovieCpa334_new/Drivers/STM32F3xx_HAL_Driver/Src/stm32f3xx_hal_adc_ex.c
Invoking: MCU GCC Compiler
/home/chris/workspaces/Nucleo334/MOvieCap334/MovieCpa334_new/SW4STM32/MovieCpa334/Debug
arm-none-eabi-gcc -mcpu=cortex-m4 -mthumb -mfloat-abi=hard -mfpu=fpv4-sp-d16 -D__weak="__attribute__((weak))" -D__packed="__attribute__((__packed__))" -DUSE_HAL_DRIVER -DSTM32F334x8 -I"/home/chris/workspaces/Nucleo334/MOvieCap334/MovieCpa334_new/Inc" -I"/home/chris/workspaces/Nucleo334/MOvieCap334/MovieCpa334_new/Drivers/STM32F3xx_HAL_Driver/Inc" -I"/home/chris/workspaces/Nucleo334/MOvieCap334/MovieCpa334_new/Drivers/STM32F3xx_HAL_Driver/Inc/Legacy" -I"/home/chris/workspaces/Nucleo334/MOvieCap334/MovieCpa334_new/Drivers/CMSIS/Include" -I"/home/chris/workspaces/Nucleo334/MOvieCap334/MovieCpa334_new/Drivers/CMSIS/Device/ST/STM32F3xx/Include" -I"/home/chris/workspaces/Nucleo334/MOvieCap334/MovieCpa334_new/Inc"  -Og -g3 -Wall -fmessage-length=0 -ffunction-sections -c -fmessage-length=0 -MMD -MP -MF"Drivers/STM32F3xx_HAL_Driver/stm32f3xx_hal_adc_ex.d" -MT"Drivers/STM32F3xx_HAL_Driver/stm32f3xx_hal_adc_ex.o" -o "Drivers/STM32F3xx_HAL_Driver/stm32f3xx_hal_adc_ex.o" "/home/chris/workspaces/Nucleo334/MOvieCap334/MovieCpa334_new/Drivers/STM32F3xx_HAL_Driver/Src/stm32f3xx_hal_adc_ex.c"
Finished building: /home/chris/workspaces/Nucleo334/MOvieCap334/MovieCpa334_new/Drivers/STM32F3xx_HAL_Driver/Src/stm32f3xx_hal_adc_ex.c
 
Building file: /home/chris/workspaces/Nucleo334/MOvieCap334/MovieCpa334_new/Drivers/STM32F3xx_HAL_Driver/Src/stm32f3xx_hal_cortex.c
Invoking: MCU GCC Compiler
/home/chris/workspaces/Nucleo334/MOvieCap334/MovieCpa334_new/SW4STM32/MovieCpa334/Debug
arm-none-eabi-gcc -mcpu=cortex-m4 -mthumb -mfloat-abi=hard -mfpu=fpv4-sp-d16 -D__weak="__attribute__((weak))" -D__packed="__attribute__((__packed__))" -DUSE_HAL_DRIVER -DSTM32F334x8 -I"/home/chris/workspaces/Nucleo334/MOvieCap334/MovieCpa334_new/Inc" -I"/home/chris/workspaces/Nucleo334/MOvieCap334/MovieCpa334_new/Drivers/STM32F3xx_HAL_Driver/Inc" -I"/home/chris/workspaces/Nucleo334/MOvieCap334/MovieCpa334_new/Drivers/STM32F3xx_HAL_Driver/Inc/Legacy" -I"/home/chris/workspaces/Nucleo334/MOvieCap334/MovieCpa334_new/Drivers/CMSIS/Include" -I"/home/chris/workspaces/Nucleo334/MOvieCap334/MovieCpa334_new/Drivers/CMSIS/Device/ST/STM32F3xx/Include" -I"/home/chris/workspaces/Nucleo334/MOvieCap334/MovieCpa334_new/Inc"  -Og -g3 -Wall -fmessage-length=0 -ffunction-sections -c -fmessage-length=0 -MMD -MP -MF"Drivers/STM32F3xx_HAL_Driver/stm32f3xx_hal_cortex.d" -MT"Drivers/STM32F3xx_HAL_Driver/stm32f3xx_hal_cortex.o" -o "Drivers/STM32F3xx_HAL_Driver/stm32f3xx_hal_cortex.o" "/home/chris/workspaces/Nucleo334/MOvieCap334/MovieCpa334_new/Drivers/STM32F3xx_HAL_Driver/Src/stm32f3xx_hal_cortex.c"
Finished building: /home/chris/workspaces/Nucleo334/MOvieCap334/MovieCpa334_new/Drivers/STM32F3xx_HAL_Driver/Src/stm32f3xx_hal_cortex.c
 
Building file: /home/chris/workspaces/Nucleo334/MOvieCap334/MovieCpa334_new/Drivers/STM32F3xx_HAL_Driver/Src/stm32f3xx_hal_dma.c
Invoking: MCU GCC Compiler
/home/chris/workspaces/Nucleo334/MOvieCap334/MovieCpa334_new/SW4STM32/MovieCpa334/Debug
arm-none-eabi-gcc -mcpu=cortex-m4 -mthumb -mfloat-abi=hard -mfpu=fpv4-sp-d16 -D__weak="__attribute__((weak))" -D__packed="__attribute__((__packed__))" -DUSE_HAL_DRIVER -DSTM32F334x8 -I"/home/chris/workspaces/Nucleo334/MOvieCap334/MovieCpa334_new/Inc" -I"/home/chris/workspaces/Nucleo334/MOvieCap334/MovieCpa334_new/Drivers/STM32F3xx_HAL_Driver/Inc" -I"/home/chris/workspaces/Nucleo334/MOvieCap334/MovieCpa334_new/Drivers/STM32F3xx_HAL_Driver/Inc/Legacy" -I"/home/chris/workspaces/Nucleo334/MOvieCap334/MovieCpa334_new/Drivers/CMSIS/Include" -I"/home/chris/workspaces/Nucleo334/MOvieCap334/MovieCpa334_new/Drivers/CMSIS/Device/ST/STM32F3xx/Include" -I"/home/chris/workspaces/Nucleo334/MOvieCap334/MovieCpa334_new/Inc"  -Og -g3 -Wall -fmessage-length=0 -ffunction-sections -c -fmessage-length=0 -MMD -MP -MF"Drivers/STM32F3xx_HAL_Driver/stm32f3xx_hal_dma.d" -MT"Drivers/STM32F3xx_HAL_Driver/stm32f3xx_hal_dma.o" -o "Drivers/STM32F3xx_HAL_Driver/stm32f3xx_hal_dma.o" "/home/chris/workspaces/Nucleo334/MOvieCap334/MovieCpa334_new/Drivers/STM32F3xx_HAL_Driver/Src/stm32f3xx_hal_dma.c"
Finished building: /home/chris/workspaces/Nucleo334/MOvieCap334/MovieCpa334_new/Drivers/STM32F3xx_HAL_Driver/Src/stm32f3xx_hal_dma.c
 
Building file: /home/chris/workspaces/Nucleo334/MOvieCap334/MovieCpa334_new/Drivers/STM32F3xx_HAL_Driver/Src/stm32f3xx_hal_flash.c
Invoking: MCU GCC Compiler
/home/chris/workspaces/Nucleo334/MOvieCap334/MovieCpa334_new/SW4STM32/MovieCpa334/Debug
arm-none-eabi-gcc -mcpu=cortex-m4 -mthumb -mfloat-abi=hard -mfpu=fpv4-sp-d16 -D__weak="__attribute__((weak))" -D__packed="__attribute__((__packed__))" -DUSE_HAL_DRIVER -DSTM32F334x8 -I"/home/chris/workspaces/Nucleo334/MOvieCap334/MovieCpa334_new/Inc" -I"/home/chris/workspaces/Nucleo334/MOvieCap334/MovieCpa334_new/Drivers/STM32F3xx_HAL_Driver/Inc" -I"/home/chris/workspaces/Nucleo334/MOvieCap334/MovieCpa334_new/Drivers/STM32F3xx_HAL_Driver/Inc/Legacy" -I"/home/chris/workspaces/Nucleo334/MOvieCap334/MovieCpa334_new/Drivers/CMSIS/Include" -I"/home/chris/workspaces/Nucleo334/MOvieCap334/MovieCpa334_new/Drivers/CMSIS/Device/ST/STM32F3xx/Include" -I"/home/chris/workspaces/Nucleo334/MOvieCap334/MovieCpa334_new/Inc"  -Og -g3 -Wall -fmessage-length=0 -ffunction-sections -c -fmessage-length=0 -MMD -MP -MF"Drivers/STM32F3xx_HAL_Driver/stm32f3xx_hal_flash.d" -MT"Drivers/STM32F3xx_HAL_Driver/stm32f3xx_hal_flash.o" -o "Drivers/STM32F3xx_HAL_Driver/stm32f3xx_hal_flash.o" "/home/chris/workspaces/Nucleo334/MOvieCap334/MovieCpa334_new/Drivers/STM32F3xx_HAL_Driver/Src/stm32f3xx_hal_flash.c"
Finished building: /home/chris/workspaces/Nucleo334/MOvieCap334/MovieCpa334_new/Drivers/STM32F3xx_HAL_Driver/Src/stm32f3xx_hal_flash.c
 
Building file: /home/chris/workspaces/Nucleo334/MOvieCap334/MovieCpa334_new/Drivers/STM32F3xx_HAL_Driver/Src/stm32f3xx_hal_flash_ex.c
Invoking: MCU GCC Compiler
/home/chris/workspaces/Nucleo334/MOvieCap334/MovieCpa334_new/SW4STM32/MovieCpa334/Debug
arm-none-eabi-gcc -mcpu=cortex-m4 -mthumb -mfloat-abi=hard -mfpu=fpv4-sp-d16 -D__weak="__attribute__((weak))" -D__packed="__attribute__((__packed__))" -DUSE_HAL_DRIVER -DSTM32F334x8 -I"/home/chris/workspaces/Nucleo334/MOvieCap334/MovieCpa334_new/Inc" -I"/home/chris/workspaces/Nucleo334/MOvieCap334/MovieCpa334_new/Drivers/STM32F3xx_HAL_Driver/Inc" -I"/home/chris/workspaces/Nucleo334/MOvieCap334/MovieCpa334_new/Drivers/STM32F3xx_HAL_Driver/Inc/Legacy" -I"/home/chris/workspaces/Nucleo334/MOvieCap334/MovieCpa334_new/Drivers/CMSIS/Include" -I"/home/chris/workspaces/Nucleo334/MOvieCap334/MovieCpa334_new/Drivers/CMSIS/Device/ST/STM32F3xx/Include" -I"/home/chris/workspaces/Nucleo334/MOvieCap334/MovieCpa334_new/Inc"  -Og -g3 -Wall -fmessage-length=0 -ffunction-sections -c -fmessage-length=0 -MMD -MP -MF"Drivers/STM32F3xx_HAL_Driver/stm32f3xx_hal_flash_ex.d" -MT"Drivers/STM32F3xx_HAL_Driver/stm32f3xx_hal_flash_ex.o" -o "Drivers/STM32F3xx_HAL_Driver/stm32f3xx_hal_flash_ex.o" "/home/chris/workspaces/Nucleo334/MOvieCap334/MovieCpa334_new/Drivers/STM32F3xx_HAL_Driver/Src/stm32f3xx_hal_flash_ex.c"
Finished building: /home/chris/workspaces/Nucleo334/MOvieCap334/MovieCpa334_new/Drivers/STM32F3xx_HAL_Driver/Src/stm32f3xx_hal_flash_ex.c
 
Building file: /home/chris/workspaces/Nucleo334/MOvieCap334/MovieCpa334_new/Drivers/STM32F3xx_HAL_Driver/Src/stm32f3xx_hal_gpio.c
Invoking: MCU GCC Compiler
/home/chris/workspaces/Nucleo334/MOvieCap334/MovieCpa334_new/SW4STM32/MovieCpa334/Debug
arm-none-eabi-gcc -mcpu=cortex-m4 -mthumb -mfloat-abi=hard -mfpu=fpv4-sp-d16 -D__weak="__attribute__((weak))" -D__packed="__attribute__((__packed__))" -DUSE_HAL_DRIVER -DSTM32F334x8 -I"/home/chris/workspaces/Nucleo334/MOvieCap334/MovieCpa334_new/Inc" -I"/home/chris/workspaces/Nucleo334/MOvieCap334/MovieCpa334_new/Drivers/STM32F3xx_HAL_Driver/Inc" -I"/home/chris/workspaces/Nucleo334/MOvieCap334/MovieCpa334_new/Drivers/STM32F3xx_HAL_Driver/Inc/Legacy" -I"/home/chris/workspaces/Nucleo334/MOvieCap334/MovieCpa334_new/Drivers/CMSIS/Include" -I"/home/chris/workspaces/Nucleo334/MOvieCap334/MovieCpa334_new/Drivers/CMSIS/Device/ST/STM32F3xx/Include" -I"/home/chris/workspaces/Nucleo334/MOvieCap334/MovieCpa334_new/Inc"  -Og -g3 -Wall -fmessage-length=0 -ffunction-sections -c -fmessage-length=0 -MMD -MP -MF"Drivers/STM32F3xx_HAL_Driver/stm32f3xx_hal_gpio.d" -MT"Drivers/STM32F3xx_HAL_Driver/stm32f3xx_hal_gpio.o" -o "Drivers/STM32F3xx_HAL_Driver/stm32f3xx_hal_gpio.o" "/home/chris/workspaces/Nucleo334/MOvieCap334/MovieCpa334_new/Drivers/STM32F3xx_HAL_Driver/Src/stm32f3xx_hal_gpio.c"
Finished building: /home/chris/workspaces/Nucleo334/MOvieCap334/MovieCpa334_new/Drivers/STM32F3xx_HAL_Driver/Src/stm32f3xx_hal_gpio.c
 
Building file: /home/chris/workspaces/Nucleo334/MOvieCap334/MovieCpa334_new/Drivers/STM32F3xx_HAL_Driver/Src/stm32f3xx_hal_opamp.c
Invoking: MCU GCC Compiler
/home/chris/workspaces/Nucleo334/MOvieCap334/MovieCpa334_new/SW4STM32/MovieCpa334/Debug
arm-none-eabi-gcc -mcpu=cortex-m4 -mthumb -mfloat-abi=hard -mfpu=fpv4-sp-d16 -D__weak="__attribute__((weak))" -D__packed="__attribute__((__packed__))" -DUSE_HAL_DRIVER -DSTM32F334x8 -I"/home/chris/workspaces/Nucleo334/MOvieCap334/MovieCpa334_new/Inc" -I"/home/chris/workspaces/Nucleo334/MOvieCap334/MovieCpa334_new/Drivers/STM32F3xx_HAL_Driver/Inc" -I"/home/chris/workspaces/Nucleo334/MOvieCap334/MovieCpa334_new/Drivers/STM32F3xx_HAL_Driver/Inc/Legacy" -I"/home/chris/workspaces/Nucleo334/MOvieCap334/MovieCpa334_new/Drivers/CMSIS/Include" -I"/home/chris/workspaces/Nucleo334/MOvieCap334/MovieCpa334_new/Drivers/CMSIS/Device/ST/STM32F3xx/Include" -I"/home/chris/workspaces/Nucleo334/MOvieCap334/MovieCpa334_new/Inc"  -Og -g3 -Wall -fmessage-length=0 -ffunction-sections -c -fmessage-length=0 -MMD -MP -MF"Drivers/STM32F3xx_HAL_Driver/stm32f3xx_hal_opamp.d" -MT"Drivers/STM32F3xx_HAL_Driver/stm32f3xx_hal_opamp.o" -o "Drivers/STM32F3xx_HAL_Driver/stm32f3xx_hal_opamp.o" "/home/chris/workspaces/Nucleo334/MOvieCap334/MovieCpa334_new/Drivers/STM32F3xx_HAL_Driver/Src/stm32f3xx_hal_opamp.c"
Finished building: /home/chris/workspaces/Nucleo334/MOvieCap334/MovieCpa334_new/Drivers/STM32F3xx_HAL_Driver/Src/stm32f3xx_hal_opamp.c
 
Building file: /home/chris/workspaces/Nucleo334/MOvieCap334/MovieCpa334_new/Drivers/STM32F3xx_HAL_Driver/Src/stm32f3xx_hal_opamp_ex.c
Invoking: MCU GCC Compiler
/home/chris/workspaces/Nucleo334/MOvieCap334/MovieCpa334_new/SW4STM32/MovieCpa334/Debug
arm-none-eabi-gcc -mcpu=cortex-m4 -mthumb -mfloat-abi=hard -mfpu=fpv4-sp-d16 -D__weak="__attribute__((weak))" -D__packed="__attribute__((__packed__))" -DUSE_HAL_DRIVER -DSTM32F334x8 -I"/home/chris/workspaces/Nucleo334/MOvieCap334/MovieCpa334_new/Inc" -I"/home/chris/workspaces/Nucleo334/MOvieCap334/MovieCpa334_new/Drivers/STM32F3xx_HAL_Driver/Inc" -I"/home/chris/workspaces/Nucleo334/MOvieCap334/MovieCpa334_new/Drivers/STM32F3xx_HAL_Driver/Inc/Legacy" -I"/home/chris/workspaces/Nucleo334/MOvieCap334/MovieCpa334_new/Drivers/CMSIS/Include" -I"/home/chris/workspaces/Nucleo334/MOvieCap334/MovieCpa334_new/Drivers/CMSIS/Device/ST/STM32F3xx/Include" -I"/home/chris/workspaces/Nucleo334/MOvieCap334/MovieCpa334_new/Inc"  -Og -g3 -Wall -fmessage-length=0 -ffunction-sections -c -fmessage-length=0 -MMD -MP -MF"Drivers/STM32F3xx_HAL_Driver/stm32f3xx_hal_opamp_ex.d" -MT"Drivers/STM32F3xx_HAL_Driver/stm32f3xx_hal_opamp_ex.o" -o "Drivers/STM32F3xx_HAL_Driver/stm32f3xx_hal_opamp_ex.o" "/home/chris/workspaces/Nucleo334/MOvieCap334/MovieCpa334_new/Drivers/STM32F3xx_HAL_Driver/Src/stm32f3xx_hal_opamp_ex.c"
Finished building: /home/chris/workspaces/Nucleo334/MOvieCap334/MovieCpa334_new/Drivers/STM32F3xx_HAL_Driver/Src/stm32f3xx_hal_opamp_ex.c
 
Building file: /home/chris/workspaces/Nucleo334/MOvieCap334/MovieCpa334_new/Drivers/STM32F3xx_HAL_Driver/Src/stm32f3xx_hal_pwr.c
Invoking: MCU GCC Compiler
/home/chris/workspaces/Nucleo334/MOvieCap334/MovieCpa334_new/SW4STM32/MovieCpa334/Debug
arm-none-eabi-gcc -mcpu=cortex-m4 -mthumb -mfloat-abi=hard -mfpu=fpv4-sp-d16 -D__weak="__attribute__((weak))" -D__packed="__attribute__((__packed__))" -DUSE_HAL_DRIVER -DSTM32F334x8 -I"/home/chris/workspaces/Nucleo334/MOvieCap334/MovieCpa334_new/Inc" -I"/home/chris/workspaces/Nucleo334/MOvieCap334/MovieCpa334_new/Drivers/STM32F3xx_HAL_Driver/Inc" -I"/home/chris/workspaces/Nucleo334/MOvieCap334/MovieCpa334_new/Drivers/STM32F3xx_HAL_Driver/Inc/Legacy" -I"/home/chris/workspaces/Nucleo334/MOvieCap334/MovieCpa334_new/Drivers/CMSIS/Include" -I"/home/chris/workspaces/Nucleo334/MOvieCap334/MovieCpa334_new/Drivers/CMSIS/Device/ST/STM32F3xx/Include" -I"/home/chris/workspaces/Nucleo334/MOvieCap334/MovieCpa334_new/Inc"  -Og -g3 -Wall -fmessage-length=0 -ffunction-sections -c -fmessage-length=0 -MMD -MP -MF"Drivers/STM32F3xx_HAL_Driver/stm32f3xx_hal_pwr.d" -MT"Drivers/STM32F3xx_HAL_Driver/stm32f3xx_hal_pwr.o" -o "Drivers/STM32F3xx_HAL_Driver/stm32f3xx_hal_pwr.o" "/home/chris/workspaces/Nucleo334/MOvieCap334/MovieCpa334_new/Drivers/STM32F3xx_HAL_Driver/Src/stm32f3xx_hal_pwr.c"
Finished building: /home/chris/workspaces/Nucleo334/MOvieCap334/MovieCpa334_new/Drivers/STM32F3xx_HAL_Driver/Src/stm32f3xx_hal_pwr.c
 
Building file: /home/chris/workspaces/Nucleo334/MOvieCap334/MovieCpa334_new/Drivers/STM32F3xx_HAL_Driver/Src/stm32f3xx_hal_pwr_ex.c
Invoking: MCU GCC Compiler
/home/chris/workspaces/Nucleo334/MOvieCap334/MovieCpa334_new/SW4STM32/MovieCpa334/Debug
arm-none-eabi-gcc -mcpu=cortex-m4 -mthumb -mfloat-abi=hard -mfpu=fpv4-sp-d16 -D__weak="__attribute__((weak))" -D__packed="__attribute__((__packed__))" -DUSE_HAL_DRIVER -DSTM32F334x8 -I"/home/chris/workspaces/Nucleo334/MOvieCap334/MovieCpa334_new/Inc" -I"/home/chris/workspaces/Nucleo334/MOvieCap334/MovieCpa334_new/Drivers/STM32F3xx_HAL_Driver/Inc" -I"/home/chris/workspaces/Nucleo334/MOvieCap334/MovieCpa334_new/Drivers/STM32F3xx_HAL_Driver/Inc/Legacy" -I"/home/chris/workspaces/Nucleo334/MOvieCap334/MovieCpa334_new/Drivers/CMSIS/Include" -I"/home/chris/workspaces/Nucleo334/MOvieCap334/MovieCpa334_new/Drivers/CMSIS/Device/ST/STM32F3xx/Include" -I"/home/chris/workspaces/Nucleo334/MOvieCap334/MovieCpa334_new/Inc"  -Og -g3 -Wall -fmessage-length=0 -ffunction-sections -c -fmessage-length=0 -MMD -MP -MF"Drivers/STM32F3xx_HAL_Driver/stm32f3xx_hal_pwr_ex.d" -MT"Drivers/STM32F3xx_HAL_Driver/stm32f3xx_hal_pwr_ex.o" -o "Drivers/STM32F3xx_HAL_Driver/stm32f3xx_hal_pwr_ex.o" "/home/chris/workspaces/Nucleo334/MOvieCap334/MovieCpa334_new/Drivers/STM32F3xx_HAL_Driver/Src/stm32f3xx_hal_pwr_ex.c"
Finished building: /home/chris/workspaces/Nucleo334/MOvieCap334/MovieCpa334_new/Drivers/STM32F3xx_HAL_Driver/Src/stm32f3xx_hal_pwr_ex.c
 
Building file: /home/chris/workspaces/Nucleo334/MOvieCap334/MovieCpa334_new/Drivers/STM32F3xx_HAL_Driver/Src/stm32f3xx_hal_rcc.c
Invoking: MCU GCC Compiler
/home/chris/workspaces/Nucleo334/MOvieCap334/MovieCpa334_new/SW4STM32/MovieCpa334/Debug
arm-none-eabi-gcc -mcpu=cortex-m4 -mthumb -mfloat-abi=hard -mfpu=fpv4-sp-d16 -D__weak="__attribute__((weak))" -D__packed="__attribute__((__packed__))" -DUSE_HAL_DRIVER -DSTM32F334x8 -I"/home/chris/workspaces/Nucleo334/MOvieCap334/MovieCpa334_new/Inc" -I"/home/chris/workspaces/Nucleo334/MOvieCap334/MovieCpa334_new/Drivers/STM32F3xx_HAL_Driver/Inc" -I"/home/chris/workspaces/Nucleo334/MOvieCap334/MovieCpa334_new/Drivers/STM32F3xx_HAL_Driver/Inc/Legacy" -I"/home/chris/workspaces/Nucleo334/MOvieCap334/MovieCpa334_new/Drivers/CMSIS/Include" -I"/home/chris/workspaces/Nucleo334/MOvieCap334/MovieCpa334_new/Drivers/CMSIS/Device/ST/STM32F3xx/Include" -I"/home/chris/workspaces/Nucleo334/MOvieCap334/MovieCpa334_new/Inc"  -Og -g3 -Wall -fmessage-length=0 -ffunction-sections -c -fmessage-length=0 -MMD -MP -MF"Drivers/STM32F3xx_HAL_Driver/stm32f3xx_hal_rcc.d" -MT"Drivers/STM32F3xx_HAL_Driver/stm32f3xx_hal_rcc.o" -o "Drivers/STM32F3xx_HAL_Driver/stm32f3xx_hal_rcc.o" "/home/chris/workspaces/Nucleo334/MOvieCap334/MovieCpa334_new/Drivers/STM32F3xx_HAL_Driver/Src/stm32f3xx_hal_rcc.c"
Finished building: /home/chris/workspaces/Nucleo334/MOvieCap334/MovieCpa334_new/Drivers/STM32F3xx_HAL_Driver/Src/stm32f3xx_hal_rcc.c
 
Building file: /home/chris/workspaces/Nucleo334/MOvieCap334/MovieCpa334_new/Drivers/STM32F3xx_HAL_Driver/Src/stm32f3xx_hal_rcc_ex.c
Invoking: MCU GCC Compiler
/home/chris/workspaces/Nucleo334/MOvieCap334/MovieCpa334_new/SW4STM32/MovieCpa334/Debug
arm-none-eabi-gcc -mcpu=cortex-m4 -mthumb -mfloat-abi=hard -mfpu=fpv4-sp-d16 -D__weak="__attribute__((weak))" -D__packed="__attribute__((__packed__))" -DUSE_HAL_DRIVER -DSTM32F334x8 -I"/home/chris/workspaces/Nucleo334/MOvieCap334/MovieCpa334_new/Inc" -I"/home/chris/workspaces/Nucleo334/MOvieCap334/MovieCpa334_new/Drivers/STM32F3xx_HAL_Driver/Inc" -I"/home/chris/workspaces/Nucleo334/MOvieCap334/MovieCpa334_new/Drivers/STM32F3xx_HAL_Driver/Inc/Legacy" -I"/home/chris/workspaces/Nucleo334/MOvieCap334/MovieCpa334_new/Drivers/CMSIS/Include" -I"/home/chris/workspaces/Nucleo334/MOvieCap334/MovieCpa334_new/Drivers/CMSIS/Device/ST/STM32F3xx/Include" -I"/home/chris/workspaces/Nucleo334/MOvieCap334/MovieCpa334_new/Inc"  -Og -g3 -Wall -fmessage-length=0 -ffunction-sections -c -fmessage-length=0 -MMD -MP -MF"Drivers/STM32F3xx_HAL_Driver/stm32f3xx_hal_rcc_ex.d" -MT"Drivers/STM32F3xx_HAL_Driver/stm32f3xx_hal_rcc_ex.o" -o "Drivers/STM32F3xx_HAL_Driver/stm32f3xx_hal_rcc_ex.o" "/home/chris/workspaces/Nucleo334/MOvieCap334/MovieCpa334_new/Drivers/STM32F3xx_HAL_Driver/Src/stm32f3xx_hal_rcc_ex.c"
Finished building: /home/chris/workspaces/Nucleo334/MOvieCap334/MovieCpa334_new/Drivers/STM32F3xx_HAL_Driver/Src/stm32f3xx_hal_rcc_ex.c
 
Building file: /home/chris/workspaces/Nucleo334/MOvieCap334/MovieCpa334_new/Drivers/STM32F3xx_HAL_Driver/Src/stm32f3xx_hal_rtc.c
Invoking: MCU GCC Compiler
/home/chris/workspaces/Nucleo334/MOvieCap334/MovieCpa334_new/SW4STM32/MovieCpa334/Debug
arm-none-eabi-gcc -mcpu=cortex-m4 -mthumb -mfloat-abi=hard -mfpu=fpv4-sp-d16 -D__weak="__attribute__((weak))" -D__packed="__attribute__((__packed__))" -DUSE_HAL_DRIVER -DSTM32F334x8 -I"/home/chris/workspaces/Nucleo334/MOvieCap334/MovieCpa334_new/Inc" -I"/home/chris/workspaces/Nucleo334/MOvieCap334/MovieCpa334_new/Drivers/STM32F3xx_HAL_Driver/Inc" -I"/home/chris/workspaces/Nucleo334/MOvieCap334/MovieCpa334_new/Drivers/STM32F3xx_HAL_Driver/Inc/Legacy" -I"/home/chris/workspaces/Nucleo334/MOvieCap334/MovieCpa334_new/Drivers/CMSIS/Include" -I"/home/chris/workspaces/Nucleo334/MOvieCap334/MovieCpa334_new/Drivers/CMSIS/Device/ST/STM32F3xx/Include" -I"/home/chris/workspaces/Nucleo334/MOvieCap334/MovieCpa334_new/Inc"  -Og -g3 -Wall -fmessage-length=0 -ffunction-sections -c -fmessage-length=0 -MMD -MP -MF"Drivers/STM32F3xx_HAL_Driver/stm32f3xx_hal_rtc.d" -MT"Drivers/STM32F3xx_HAL_Driver/stm32f3xx_hal_rtc.o" -o "Drivers/STM32F3xx_HAL_Driver/stm32f3xx_hal_rtc.o" "/home/chris/workspaces/Nucleo334/MOvieCap334/MovieCpa334_new/Drivers/STM32F3xx_HAL_Driver/Src/stm32f3xx_hal_rtc.c"
Finished building: /home/chris/workspaces/Nucleo334/MOvieCap334/MovieCpa334_new/Drivers/STM32F3xx_HAL_Driver/Src/stm32f3xx_hal_rtc.c
 
Building file: /home/chris/workspaces/Nucleo334/MOvieCap334/MovieCpa334_new/Drivers/STM32F3xx_HAL_Driver/Src/stm32f3xx_hal_rtc_ex.c
Invoking: MCU GCC Compiler
/home/chris/workspaces/Nucleo334/MOvieCap334/MovieCpa334_new/SW4STM32/MovieCpa334/Debug
arm-none-eabi-gcc -mcpu=cortex-m4 -mthumb -mfloat-abi=hard -mfpu=fpv4-sp-d16 -D__weak="__attribute__((weak))" -D__packed="__attribute__((__packed__))" -DUSE_HAL_DRIVER -DSTM32F334x8 -I"/home/chris/workspaces/Nucleo334/MOvieCap334/MovieCpa334_new/Inc" -I"/home/chris/workspaces/Nucleo334/MOvieCap334/MovieCpa334_new/Drivers/STM32F3xx_HAL_Driver/Inc" -I"/home/chris/workspaces/Nucleo334/MOvieCap334/MovieCpa334_new/Drivers/STM32F3xx_HAL_Driver/Inc/Legacy" -I"/home/chris/workspaces/Nucleo334/MOvieCap334/MovieCpa334_new/Drivers/CMSIS/Include" -I"/home/chris/workspaces/Nucleo334/MOvieCap334/MovieCpa334_new/Drivers/CMSIS/Device/ST/STM32F3xx/Include" -I"/home/chris/workspaces/Nucleo334/MOvieCap334/MovieCpa334_new/Inc"  -Og -g3 -Wall -fmessage-length=0 -ffunction-sections -c -fmessage-length=0 -MMD -MP -MF"Drivers/STM32F3xx_HAL_Driver/stm32f3xx_hal_rtc_ex.d" -MT"Drivers/STM32F3xx_HAL_Driver/stm32f3xx_hal_rtc_ex.o" -o "Drivers/STM32F3xx_HAL_Driver/stm32f3xx_hal_rtc_ex.o" "/home/chris/workspaces/Nucleo334/MOvieCap334/MovieCpa334_new/Drivers/STM32F3xx_HAL_Driver/Src/stm32f3xx_hal_rtc_ex.c"
Finished building: /home/chris/workspaces/Nucleo334/MOvieCap334/MovieCpa334_new/Drivers/STM32F3xx_HAL_Driver/Src/stm32f3xx_hal_rtc_ex.c
 
Building file: /home/chris/workspaces/Nucleo334/MOvieCap334/MovieCpa334_new/Drivers/STM32F3xx_HAL_Driver/Src/stm32f3xx_hal_tim.c
Invoking: MCU GCC Compiler
/home/chris/workspaces/Nucleo334/MOvieCap334/MovieCpa334_new/SW4STM32/MovieCpa334/Debug
arm-none-eabi-gcc -mcpu=cortex-m4 -mthumb -mfloat-abi=hard -mfpu=fpv4-sp-d16 -D__weak="__attribute__((weak))" -D__packed="__attribute__((__packed__))" -DUSE_HAL_DRIVER -DSTM32F334x8 -I"/home/chris/workspaces/Nucleo334/MOvieCap334/MovieCpa334_new/Inc" -I"/home/chris/workspaces/Nucleo334/MOvieCap334/MovieCpa334_new/Drivers/STM32F3xx_HAL_Driver/Inc" -I"/home/chris/workspaces/Nucleo334/MOvieCap334/MovieCpa334_new/Drivers/STM32F3xx_HAL_Driver/Inc/Legacy" -I"/home/chris/workspaces/Nucleo334/MOvieCap334/MovieCpa334_new/Drivers/CMSIS/Include" -I"/home/chris/workspaces/Nucleo334/MOvieCap334/MovieCpa334_new/Drivers/CMSIS/Device/ST/STM32F3xx/Include" -I"/home/chris/workspaces/Nucleo334/MOvieCap334/MovieCpa334_new/Inc"  -Og -g3 -Wall -fmessage-length=0 -ffunction-sections -c -fmessage-length=0 -MMD -MP -MF"Drivers/STM32F3xx_HAL_Driver/stm32f3xx_hal_tim.d" -MT"Drivers/STM32F3xx_HAL_Driver/stm32f3xx_hal_tim.o" -o "Drivers/STM32F3xx_HAL_Driver/stm32f3xx_hal_tim.o" "/home/chris/workspaces/Nucleo334/MOvieCap334/MovieCpa334_new/Drivers/STM32F3xx_HAL_Driver/Src/stm32f3xx_hal_tim.c"
Finished building: /home/chris/workspaces/Nucleo334/MOvieCap334/MovieCpa334_new/Drivers/STM32F3xx_HAL_Driver/Src/stm32f3xx_hal_tim.c
 
Building file: /home/chris/workspaces/Nucleo334/MOvieCap334/MovieCpa334_new/Drivers/STM32F3xx_HAL_Driver/Src/stm32f3xx_hal_tim_ex.c
Invoking: MCU GCC Compiler
/home/chris/workspaces/Nucleo334/MOvieCap334/MovieCpa334_new/SW4STM32/MovieCpa334/Debug
arm-none-eabi-gcc -mcpu=cortex-m4 -mthumb -mfloat-abi=hard -mfpu=fpv4-sp-d16 -D__weak="__attribute__((weak))" -D__packed="__attribute__((__packed__))" -DUSE_HAL_DRIVER -DSTM32F334x8 -I"/home/chris/workspaces/Nucleo334/MOvieCap334/MovieCpa334_new/Inc" -I"/home/chris/workspaces/Nucleo334/MOvieCap334/MovieCpa334_new/Drivers/STM32F3xx_HAL_Driver/Inc" -I"/home/chris/workspaces/Nucleo334/MOvieCap334/MovieCpa334_new/Drivers/STM32F3xx_HAL_Driver/Inc/Legacy" -I"/home/chris/workspaces/Nucleo334/MOvieCap334/MovieCpa334_new/Drivers/CMSIS/Include" -I"/home/chris/workspaces/Nucleo334/MOvieCap334/MovieCpa334_new/Drivers/CMSIS/Device/ST/STM32F3xx/Include" -I"/home/chris/workspaces/Nucleo334/MOvieCap334/MovieCpa334_new/Inc"  -Og -g3 -Wall -fmessage-length=0 -ffunction-sections -c -fmessage-length=0 -MMD -MP -MF"Drivers/STM32F3xx_HAL_Driver/stm32f3xx_hal_tim_ex.d" -MT"Drivers/STM32F3xx_HAL_Driver/stm32f3xx_hal_tim_ex.o" -o "Drivers/STM32F3xx_HAL_Driver/stm32f3xx_hal_tim_ex.o" "/home/chris/workspaces/Nucleo334/MOvieCap334/MovieCpa334_new/Drivers/STM32F3xx_HAL_Driver/Src/stm32f3xx_hal_tim_ex.c"
Finished building: /home/chris/workspaces/Nucleo334/MOvieCap334/MovieCpa334_new/Drivers/STM32F3xx_HAL_Driver/Src/stm32f3xx_hal_tim_ex.c
 
Building file: /home/chris/workspaces/Nucleo334/MOvieCap334/MovieCpa334_new/Drivers/STM32F3xx_HAL_Driver/Src/stm32f3xx_hal_uart.c
Invoking: MCU GCC Compiler
/home/chris/workspaces/Nucleo334/MOvieCap334/MovieCpa334_new/SW4STM32/MovieCpa334/Debug
arm-none-eabi-gcc -mcpu=cortex-m4 -mthumb -mfloat-abi=hard -mfpu=fpv4-sp-d16 -D__weak="__attribute__((weak))" -D__packed="__attribute__((__packed__))" -DUSE_HAL_DRIVER -DSTM32F334x8 -I"/home/chris/workspaces/Nucleo334/MOvieCap334/MovieCpa334_new/Inc" -I"/home/chris/workspaces/Nucleo334/MOvieCap334/MovieCpa334_new/Drivers/STM32F3xx_HAL_Driver/Inc" -I"/home/chris/workspaces/Nucleo334/MOvieCap334/MovieCpa334_new/Drivers/STM32F3xx_HAL_Driver/Inc/Legacy" -I"/home/chris/workspaces/Nucleo334/MOvieCap334/MovieCpa334_new/Drivers/CMSIS/Include" -I"/home/chris/workspaces/Nucleo334/MOvieCap334/MovieCpa334_new/Drivers/CMSIS/Device/ST/STM32F3xx/Include" -I"/home/chris/workspaces/Nucleo334/MOvieCap334/MovieCpa334_new/Inc"  -Og -g3 -Wall -fmessage-length=0 -ffunction-sections -c -fmessage-length=0 -MMD -MP -MF"Drivers/STM32F3xx_HAL_Driver/stm32f3xx_hal_uart.d" -MT"Drivers/STM32F3xx_HAL_Driver/stm32f3xx_hal_uart.o" -o "Drivers/STM32F3xx_HAL_Driver/stm32f3xx_hal_uart.o" "/home/chris/workspaces/Nucleo334/MOvieCap334/MovieCpa334_new/Drivers/STM32F3xx_HAL_Driver/Src/stm32f3xx_hal_uart.c"
Finished building: /home/chris/workspaces/Nucleo334/MOvieCap334/MovieCpa334_new/Drivers/STM32F3xx_HAL_Driver/Src/stm32f3xx_hal_uart.c
 
Building file: /home/chris/workspaces/Nucleo334/MOvieCap334/MovieCpa334_new/Drivers/STM32F3xx_HAL_Driver/Src/stm32f3xx_hal_uart_ex.c
Invoking: MCU GCC Compiler
/home/chris/workspaces/Nucleo334/MOvieCap334/MovieCpa334_new/SW4STM32/MovieCpa334/Debug
arm-none-eabi-gcc -mcpu=cortex-m4 -mthumb -mfloat-abi=hard -mfpu=fpv4-sp-d16 -D__weak="__attribute__((weak))" -D__packed="__attribute__((__packed__))" -DUSE_HAL_DRIVER -DSTM32F334x8 -I"/home/chris/workspaces/Nucleo334/MOvieCap334/MovieCpa334_new/Inc" -I"/home/chris/workspaces/Nucleo334/MOvieCap334/MovieCpa334_new/Drivers/STM32F3xx_HAL_Driver/Inc" -I"/home/chris/workspaces/Nucleo334/MOvieCap334/MovieCpa334_new/Drivers/STM32F3xx_HAL_Driver/Inc/Legacy" -I"/home/chris/workspaces/Nucleo334/MOvieCap334/MovieCpa334_new/Drivers/CMSIS/Include" -I"/home/chris/workspaces/Nucleo334/MOvieCap334/MovieCpa334_new/Drivers/CMSIS/Device/ST/STM32F3xx/Include" -I"/home/chris/workspaces/Nucleo334/MOvieCap334/MovieCpa334_new/Inc"  -Og -g3 -Wall -fmessage-length=0 -ffunction-sections -c -fmessage-length=0 -MMD -MP -MF"Drivers/STM32F3xx_HAL_Driver/stm32f3xx_hal_uart_ex.d" -MT"Drivers/STM32F3xx_HAL_Driver/stm32f3xx_hal_uart_ex.o" -o "Drivers/STM32F3xx_HAL_Driver/stm32f3xx_hal_uart_ex.o" "/home/chris/workspaces/Nucleo334/MOvieCap334/MovieCpa334_new/Drivers/STM32F3xx_HAL_Driver/Src/stm32f3xx_hal_uart_ex.c"
Finished building: /home/chris/workspaces/Nucleo334/MOvieCap334/MovieCpa334_new/Drivers/STM32F3xx_HAL_Driver/Src/stm32f3xx_hal_uart_ex.c
 
Building file: /home/chris/workspaces/Nucleo334/MOvieCap334/MovieCpa334_new/Drivers/CMSIS/Device/ST/STM32F3xx/Source/Templates/system_stm32f3xx.c
Invoking: MCU GCC Compiler
/home/chris/workspaces/Nucleo334/MOvieCap334/MovieCpa334_new/SW4STM32/MovieCpa334/Debug
arm-none-eabi-gcc -mcpu=cortex-m4 -mthumb -mfloat-abi=hard -mfpu=fpv4-sp-d16 -D__weak="__attribute__((weak))" -D__packed="__attribute__((__packed__))" -DUSE_HAL_DRIVER -DSTM32F334x8 -I"/home/chris/workspaces/Nucleo334/MOvieCap334/MovieCpa334_new/Inc" -I"/home/chris/workspaces/Nucleo334/MOvieCap334/MovieCpa334_new/Drivers/STM32F3xx_HAL_Driver/Inc" -I"/home/chris/workspaces/Nucleo334/MOvieCap334/MovieCpa334_new/Drivers/STM32F3xx_HAL_Driver/Inc/Legacy" -I"/home/chris/workspaces/Nucleo334/MOvieCap334/MovieCpa334_new/Drivers/CMSIS/Include" -I"/home/chris/workspaces/Nucleo334/MOvieCap334/MovieCpa334_new/Drivers/CMSIS/Device/ST/STM32F3xx/Include" -I"/home/chris/workspaces/Nucleo334/MOvieCap334/MovieCpa334_new/Inc"  -Og -g3 -Wall -fmessage-length=0 -ffunction-sections -c -fmessage-length=0 -MMD -MP -MF"Drivers/CMSIS/system_stm32f3xx.d" -MT"Drivers/CMSIS/system_stm32f3xx.o" -o "Drivers/CMSIS/system_stm32f3xx.o" "/home/chris/workspaces/Nucleo334/MOvieCap334/MovieCpa334_new/Drivers/CMSIS/Device/ST/STM32F3xx/Source/Templates/system_stm32f3xx.c"
Finished building: /home/chris/workspaces/Nucleo334/MOvieCap334/MovieCpa334_new/Drivers/CMSIS/Device/ST/STM32F3xx/Source/Templates/system_stm32f3xx.c
 
Building file: /home/chris/workspaces/Nucleo334/MOvieCap334/MovieCpa334_new/Src/main.c
Invoking: MCU GCC Compiler
/home/chris/workspaces/Nucleo334/MOvieCap334/MovieCpa334_new/SW4STM32/MovieCpa334/Debug
arm-none-eabi-gcc -mcpu=cortex-m4 -mthumb -mfloat-abi=hard -mfpu=fpv4-sp-d16 -D__weak="__attribute__((weak))" -D__packed="__attribute__((__packed__))" -DUSE_HAL_DRIVER -DSTM32F334x8 -I"/home/chris/workspaces/Nucleo334/MOvieCap334/MovieCpa334_new/Inc" -I"/home/chris/workspaces/Nucleo334/MOvieCap334/MovieCpa334_new/Drivers/STM32F3xx_HAL_Driver/Inc" -I"/home/chris/workspaces/Nucleo334/MOvieCap334/MovieCpa334_new/Drivers/STM32F3xx_HAL_Driver/Inc/Legacy" -I"/home/chris/workspaces/Nucleo334/MOvieCap334/MovieCpa334_new/Drivers/CMSIS/Include" -I"/home/chris/workspaces/Nucleo334/MOvieCap334/MovieCpa334_new/Drivers/CMSIS/Device/ST/STM32F3xx/Include" -I"/home/chris/workspaces/Nucleo334/MOvieCap334/MovieCpa334_new/Inc"  -O0 -g3 -Wall -fmessage-length=0 -ffunction-sections -c -fmessage-length=0 -MMD -MP -MF"Application/User/main.d" -MT"Application/User/main.o" -o "Application/User/main.o" "/home/chris/workspaces/Nucleo334/MOvieCap334/MovieCpa334_new/Src/main.c"
/home/chris/workspaces/Nucleo334/MOvieCap334/MovieCpa334_new/Src/main.c: In function 'hard_fault_handler_c':
/home/chris/workspaces/Nucleo334/MOvieCap334/MovieCpa334_new/Src/main.c:886:22: warning: format '%x' expects argument of type 'unsigned int', but argument 3 has type 'long unsigned int' [-Wformat=]
   sprintf (errors[9],"BFAR = %x\n", (*((volatile unsigned long *)(0xE000ED38))));
                      ^
/home/chris/workspaces/Nucleo334/MOvieCap334/MovieCpa334_new/Src/main.c:886:22: warning: format '%x' expects argument of type 'unsigned int', but argument 3 has type 'long unsigned int' [-Wformat=]
/home/chris/workspaces/Nucleo334/MOvieCap334/MovieCpa334_new/Src/main.c:887:23: warning: format '%x' expects argument of type 'unsigned int', but argument 3 has type 'long unsigned int' [-Wformat=]
   sprintf (errors[10],"CFSR = %x\n", (*((volatile unsigned long *)(0xE000ED28))));
                       ^
/home/chris/workspaces/Nucleo334/MOvieCap334/MovieCpa334_new/Src/main.c:887:23: warning: format '%x' expects argument of type 'unsigned int', but argument 3 has type 'long unsigned int' [-Wformat=]
/home/chris/workspaces/Nucleo334/MOvieCap334/MovieCpa334_new/Src/main.c:888:23: warning: format '%x' expects argument of type 'unsigned int', but argument 3 has type 'long unsigned int' [-Wformat=]
   sprintf (errors[11],"HFSR = %x\n", (*((volatile unsigned long *)(0xE000ED2C))));
                       ^
/home/chris/workspaces/Nucleo334/MOvieCap334/MovieCpa334_new/Src/main.c:888:23: warning: format '%x' expects argument of type 'unsigned int', but argument 3 has type 'long unsigned int' [-Wformat=]
/home/chris/workspaces/Nucleo334/MOvieCap334/MovieCpa334_new/Src/main.c:889:23: warning: format '%x' expects argument of type 'unsigned int', but argument 3 has type 'long unsigned int' [-Wformat=]
   sprintf (errors[12],"DFSR = %x\n", (*((volatile unsigned long *)(0xE000ED30))));
                       ^
/home/chris/workspaces/Nucleo334/MOvieCap334/MovieCpa334_new/Src/main.c:889:23: warning: format '%x' expects argument of type 'unsigned int', but argument 3 has type 'long unsigned int' [-Wformat=]
/home/chris/workspaces/Nucleo334/MOvieCap334/MovieCpa334_new/Src/main.c:890:23: warning: format '%x' expects argument of type 'unsigned int', but argument 3 has type 'long unsigned int' [-Wformat=]
   sprintf (errors[13],"AFSR = %x\n", (*((volatile unsigned long *)(0xE000ED3C))));
                       ^
/home/chris/workspaces/Nucleo334/MOvieCap334/MovieCpa334_new/Src/main.c:890:23: warning: format '%x' expects argument of type 'unsigned int', but argument 3 has type 'long unsigned int' [-Wformat=]
Finished building: /home/chris/workspaces/Nucleo334/MOvieCap334/MovieCpa334_new/Src/main.c
 
Building file: /home/chris/workspaces/Nucleo334/MOvieCap334/MovieCpa334_new/Src/stm32f3xx_hal_msp.c
Invoking: MCU GCC Compiler
/home/chris/workspaces/Nucleo334/MOvieCap334/MovieCpa334_new/SW4STM32/MovieCpa334/Debug
arm-none-eabi-gcc -mcpu=cortex-m4 -mthumb -mfloat-abi=hard -mfpu=fpv4-sp-d16 -D__weak="__attribute__((weak))" -D__packed="__attribute__((__packed__))" -DUSE_HAL_DRIVER -DSTM32F334x8 -I"/home/chris/workspaces/Nucleo334/MOvieCap334/MovieCpa334_new/Inc" -I"/home/chris/workspaces/Nucleo334/MOvieCap334/MovieCpa334_new/Drivers/STM32F3xx_HAL_Driver/Inc" -I"/home/chris/workspaces/Nucleo334/MOvieCap334/MovieCpa334_new/Drivers/STM32F3xx_HAL_Driver/Inc/Legacy" -I"/home/chris/workspaces/Nucleo334/MOvieCap334/MovieCpa334_new/Drivers/CMSIS/Include" -I"/home/chris/workspaces/Nucleo334/MOvieCap334/MovieCpa334_new/Drivers/CMSIS/Device/ST/STM32F3xx/Include" -I"/home/chris/workspaces/Nucleo334/MOvieCap334/MovieCpa334_new/Inc"  -Og -g3 -Wall -fmessage-length=0 -ffunction-sections -c -fmessage-length=0 -MMD -MP -MF"Application/User/stm32f3xx_hal_msp.d" -MT"Application/User/stm32f3xx_hal_msp.o" -o "Application/User/stm32f3xx_hal_msp.o" "/home/chris/workspaces/Nucleo334/MOvieCap334/MovieCpa334_new/Src/stm32f3xx_hal_msp.c"
Finished building: /home/chris/workspaces/Nucleo334/MOvieCap334/MovieCpa334_new/Src/stm32f3xx_hal_msp.c
 
Building file: /home/chris/workspaces/Nucleo334/MOvieCap334/MovieCpa334_new/Src/stm32f3xx_it.c
Invoking: MCU GCC Compiler
/home/chris/workspaces/Nucleo334/MOvieCap334/MovieCpa334_new/SW4STM32/MovieCpa334/Debug
arm-none-eabi-gcc -mcpu=cortex-m4 -mthumb -mfloat-abi=hard -mfpu=fpv4-sp-d16 -D__weak="__attribute__((weak))" -D__packed="__attribute__((__packed__))" -DUSE_HAL_DRIVER -DSTM32F334x8 -I"/home/chris/workspaces/Nucleo334/MOvieCap334/MovieCpa334_new/Inc" -I"/home/chris/workspaces/Nucleo334/MOvieCap334/MovieCpa334_new/Drivers/STM32F3xx_HAL_Driver/Inc" -I"/home/chris/workspaces/Nucleo334/MOvieCap334/MovieCpa334_new/Drivers/STM32F3xx_HAL_Driver/Inc/Legacy" -I"/home/chris/workspaces/Nucleo334/MOvieCap334/MovieCpa334_new/Drivers/CMSIS/Include" -I"/home/chris/workspaces/Nucleo334/MOvieCap334/MovieCpa334_new/Drivers/CMSIS/Device/ST/STM32F3xx/Include" -I"/home/chris/workspaces/Nucleo334/MOvieCap334/MovieCpa334_new/Inc"  -Og -g3 -Wall -fmessage-length=0 -ffunction-sections -c -fmessage-length=0 -MMD -MP -MF"Application/User/stm32f3xx_it.d" -MT"Application/User/stm32f3xx_it.o" -o "Application/User/stm32f3xx_it.o" "/home/chris/workspaces/Nucleo334/MOvieCap334/MovieCpa334_new/Src/stm32f3xx_it.c"
Finished building: /home/chris/workspaces/Nucleo334/MOvieCap334/MovieCpa334_new/Src/stm32f3xx_it.c
 
Building file: /home/chris/workspaces/Nucleo334/MOvieCap334/MovieCpa334_new/Drivers/CMSIS/Device/ST/STM32F3xx/Source/Templates/gcc/startup_stm32f334x8.s
Invoking: MCU GCC Assembler
/home/chris/workspaces/Nucleo334/MOvieCap334/MovieCpa334_new/SW4STM32/MovieCpa334/Debug
arm-none-eabi-as -mcpu=cortex-m4 -mthumb -mfloat-abi=hard -mfpu=fpv4-sp-d16 -g -o "Application/SW4STM32/startup_stm32f334x8.o" "/home/chris/workspaces/Nucleo334/MOvieCap334/MovieCpa334_new/Drivers/CMSIS/Device/ST/STM32F3xx/Source/Templates/gcc/startup_stm32f334x8.s"
Finished building: /home/chris/workspaces/Nucleo334/MOvieCap334/MovieCpa334_new/Drivers/CMSIS/Device/ST/STM32F3xx/Source/Templates/gcc/startup_stm32f334x8.s
 
Building target: MovieCpa334.elf
Invoking: MCU GCC Linker
arm-none-eabi-gcc -mcpu=cortex-m4 -mthumb -mfloat-abi=hard -mfpu=fpv4-sp-d16 -specs=nosys.specs -specs=nano.specs -T"../STM32F334R8Tx_FLASH.ld" -Wl,-Map=output.map -Wl,--gc-sections -lm -o "MovieCpa334.elf" @"objects.list"  
Finished building target: MovieCpa334.elf
 
make --no-print-directory post-build
Generating binary and Printing size information:
arm-none-eabi-objcopy -O binary "MovieCpa334.elf" "MovieCpa334.bin"
arm-none-eabi-size "MovieCpa334.elf"
   text	   data	    bss	    dec	    hex	filename
  20064	    124	   3724	  23912	   5d68	MovieCpa334.elf
 
16:51:24 **** Clean-only build of configuration Debug for project MovieCpa334 ****
make clean 
rm -rf *
 
